[place] base: 16 foundings, cycles 41.0 12.5 10.8 6.8 6.0 8.1 11.1 15.7 18.4 26.4 38.0 39.6 58.4 85.3 123.1 176.7
[place] city-archives @ 5.49e+7 (window 5.26e+7–5.74e+7) → city 4 at 4.6 min; cycles 41.0 12.5 10.8 6.8 6.0 8.1 11.1 15.7 18.4 26.4 38.0 39.6 58.4 85.3 123.1 176.6
[place] championship-season @ 8.12e+7 (window 6.37e+7–1.03e+8) → city 5 at 7.5 min; cycles 41.0 12.5 10.8 6.8 6.0 8.1 10.2 14.1 16.7 23.8 34.1 36.6 53.9 78.6 113.2 162.3
[place] robotic-assembly @ 2.89e+8 (window 2.18e+8–3.83e+8) → city 7 at 9 min; cycles 41.0 12.5 10.8 6.8 6.0 8.1 10.2 13.3 14.3 19.2 25.8 29.7 43.7 63.8 92.0 132.0 176.1
[place] ai-governance @ 1.05e+9 (window 7.45e+8–1.47e+9) → city 9 at 14.1 min; cycles 41.0 12.5 10.8 6.8 6.0 8.1 10.2 13.3 14.3 16.7 17.2 15.1 22.2 32.1 46.2 66.2 88.2 112.8 161.5
[place] dyson-swarm @ 2.23e+9 (window 1.75e+9–2.83e+9) → city 10 at 12.7 min; cycles 41.0 12.5 10.8 6.8 6.0 8.1 10.2 13.3 14.3 16.7 17.2 15.2 22.2 32.1 46.2 66.1 88.2 112.7 161.5
[place] planetary-charter @ 8.25e+9 (window 6.12e+9–1.11e+10) → city 12 at 1.3 min; cycles 41.0 12.5 10.8 6.8 6.0 8.1 10.2 13.3 14.3 16.7 17.2 15.2 9.5 13.3 18.9 26.9 35.7 45.5 65.0 87.8 121.7
[place] quantum-exchange @ 3.71e+10 (window 2.55e+10–5.39e+10) → city 13 at 1.4 min; cycles 41.0 12.5 10.8 6.8 6.0 8.1 10.2 13.3 14.3 16.7 17.2 15.2 9.5 5.4 7.3 10.0 13.0 16.5 23.2 31.2 43.0 55.1 38.0 51.7 68.4 74.0 98.3
[place] megastructures @ 4.23e+11 (window 3.30e+11–5.42e+11) → city 15 at 1.7 min; cycles 41.0 12.5 10.8 6.8 6.0 8.1 10.2 13.3 14.3 16.7 17.2 15.2 9.5 5.4 7.3 9.8 12.8 16.1 22.7 30.5 42.0 53.8 37.1 50.5 66.8 69.3 92.1
[place] orbital-solar @ 4.87e+11 (window 4.38e+11–5.43e+11) → city 16 at 1.9 min; cycles 41.0 12.5 10.8 6.8 6.0 8.1 10.2 13.3 14.3 16.7 17.2 15.2 9.5 5.4 7.3 9.8 12.8 16.2 22.7 30.5 42.0 53.8 37.2 50.5 66.8 69.4 92.1
[place] arcology-gardens @ 1.11e+12 (window 7.74e+11–1.59e+12) → city 18 at 1.9 min; cycles 41.0 12.5 10.8 6.8 6.0 8.1 10.2 13.3 14.3 16.7 17.2 15.2 9.5 5.4 7.3 9.8 12.8 16.2 21.6 28.9 39.8 50.9 35.2 47.8 63.2 64.8 86.0
[place] algorithmic-trading @ 2.38e+12 (window 1.69e+12–3.34e+12) → city 20 at 2 min; cycles 41.0 12.5 10.8 6.8 6.0 8.1 10.2 13.3 14.3 16.7 17.2 15.2 9.5 5.4 7.3 9.8 12.8 16.2 21.6 28.9 25.9 33.0 22.9 30.9 40.7 42.9 56.7 62.6 87.8
[place] standing-orders @ 4.79e+12 (window 2.92e+12–7.84e+12) → city 21 at 2.2 min; cycles 41.0 12.5 10.8 6.8 6.0 8.1 10.2 13.3 14.3 16.7 17.2 15.2 9.5 5.4 7.3 9.8 12.8 16.2 21.6 28.9 25.9 33.0 22.9 30.9 40.6 42.8 56.6 62.5 87.7
[place] mass-driver-port @ 5.50e+13 (window 4.52e+13–6.69e+13) → city 23 at 2.4 min; cycles 41.0 12.5 10.8 6.8 6.0 8.1 10.2 13.3 14.3 16.7 17.2 15.2 9.5 5.4 7.3 9.8 12.8 16.2 21.6 28.9 25.9 33.0 22.9 26.8 35.1 37.2 49.2 54.3 76.0
[place] ringworld-district @ 6.37e+13 (window 5.52e+13–7.36e+13) → city 24 at 2.7 min; cycles 41.0 12.5 10.8 6.8 6.0 8.1 10.2 13.3 14.3 16.7 17.2 15.2 9.5 5.4 7.3 9.8 12.8 16.2 21.6 28.9 25.9 33.0 22.9 26.8 33.1 33.2 43.8 48.3 67.6 87.5
[place] stellar-engine @ 2.55e+14 (window 1.93e+14–3.38e+14) → city 26 at 2.7 min; cycles 41.0 12.5 10.8 6.8 6.0 8.1 10.2 13.3 14.3 16.7 17.2 15.2 9.5 5.4 7.3 9.8 12.8 16.2 21.6 28.9 25.9 33.0 22.9 26.8 33.1 33.2 43.8 48.3 67.6 87.5
[place] superconductor-grid @ 3.55e+14 (window 2.58e+14–4.90e+14) → city 27 at 2.9 min; cycles 41.0 12.5 10.8 6.8 6.0 8.1 10.2 13.3 14.3 16.7 17.2 15.2 9.5 5.4 7.3 9.8 12.8 16.2 21.6 28.9 25.9 33.0 22.9 26.8 33.1 33.2 43.8 48.4 67.6 87.6
[place] galactic-charter @ 4.52e+14 (window 3.64e+14–5.61e+14) → city 28 at 3.1 min; cycles 41.0 12.5 10.8 6.8 6.0 8.1 10.2 13.3 14.3 16.7 17.2 15.2 9.5 5.4 7.3 9.8 12.8 16.2 21.6 28.9 25.9 33.0 22.9 26.8 33.1 33.2 43.8 48.4 35.0 44.7 21.0 26.7 37.1
[place] orbital-shipyard @ 1.16e+15 (window 7.18e+14–1.86e+15) → city 29 at 3.2 min; cycles 41.0 12.5 10.8 6.8 6.0 8.1 10.2 13.3 14.3 16.7 17.2 15.2 9.5 5.4 7.3 9.8 12.8 16.2 21.6 28.9 25.9 33.0 22.9 26.8 33.1 33.2 43.8 48.4 35.0 44.7 21.0 26.6 37.1
[place] exchange-ring @ 2.70e+16 (window 2.11e+16–3.47e+16) → city 31 at 3.5 min; cycles 41.0 12.5 10.8 6.8 6.0 8.1 10.2 13.3 14.3 16.7 17.2 15.2 9.5 5.4 7.3 9.8 12.8 16.2 21.6 28.9 25.9 33.0 22.9 26.8 33.1 33.2 43.8 48.4 35.0 44.7 21.0 22.6 31.2
[place] result: city-archives=5.49e+7 championship-season=8.12e+7 robotic-assembly=2.89e+8 ai-governance=1.05e+9 dyson-swarm=2.23e+9 planetary-charter=8.25e+9 quantum-exchange=3.71e+10 megastructures=4.23e+11 orbital-solar=4.87e+11 arcology-gardens=1.11e+12 algorithmic-trading=2.38e+12 standing-orders=4.79e+12 mass-driver-port=5.50e+13 ringworld-district=6.37e+13 stellar-engine=2.55e+14 superconductor-grid=3.55e+14 galactic-charter=4.52e+14 orbital-shipyard=1.16e+15 exchange-ring=2.70e+16
[place] sets: --set upgrades.city-archives.cost=54900000 --set upgrades.championship-season.cost=81200000 --set upgrades.robotic-assembly.cost=289000000 --set upgrades.ai-governance.cost=1050000000 --set upgrades.dyson-swarm.cost=2230000000 --set upgrades.planetary-charter.cost=8250000000 --set upgrades.quantum-exchange.cost=37100000000 --set upgrades.megastructures.cost=423000000000 --set upgrades.orbital-solar.cost=487000000000 --set upgrades.arcology-gardens.cost=1110000000000 --set upgrades.algorithmic-trading.cost=2380000000000 --set upgrades.standing-orders.cost=4790000000000 --set upgrades.mass-driver-port.cost=55000000000000 --set upgrades.ringworld-district.cost=63700000000000 --set upgrades.stellar-engine.cost=255000000000000 --set upgrades.superconductor-grid.cost=355000000000000 --set upgrades.galactic-charter.cost=452000000000000 --set upgrades.orbital-shipyard.cost=1160000000000000 --set upgrades.exchange-ring.cost=27000000000000000
[place] final: foundings=33 maxRatio=1.379@32 fails=14:x1.352 32:x1.379 emptyLate=[32] legacy=378985 money=5.59e+16
