[place] base: 16 foundings, cycles 43.0 12.4 10.8 6.9 6.3 8.3 11.6 16.5 20.1 28.8 41.4 41.5 61.2 89.5 129.2 185.5
[place] city-archives @ 5.14e+7 (window 4.91e+7–5.38e+7) → city 4 at 4.7 min; cycles 43.0 12.4 10.8 6.9 6.3 8.3 11.7 16.5 20.1 28.8 41.4 41.5 61.2 89.5 129.2 185.6
[place] championship-season @ 8.99e+7 (window 6.02e+7–1.34e+8) → city 5 at 7.7 min; cycles 43.0 12.4 10.8 6.9 6.3 8.3 11.1 14.9 18.3 25.9 37.2 38.6 56.8 82.7 119.3 171.2
[place] robotic-assembly @ 3.05e+8 (window 2.11e+8–4.40e+8) → city 7 at 13.4 min; cycles 43.0 12.4 10.8 6.9 6.3 8.3 11.1 14.7 15.8 21.7 29.1 32.4 47.7 69.5 100.3 144.1
[place] ai-governance @ 1.12e+9 (window 8.26e+8–1.52e+9) → city 9 at 16.9 min; cycles 43.0 12.4 10.8 6.9 6.3 8.3 11.1 14.7 15.8 19.3 20.6 16.4 24.1 34.9 50.3 72.2 96.2 122.7
[place] dyson-swarm @ 2.33e+9 (window 1.71e+9–3.18e+9) → city 10 at 18 min; cycles 43.0 12.4 10.8 6.9 6.3 8.3 11.1 14.7 15.8 19.3 20.6 16.5 24.1 35.0 50.3 72.2 96.2 122.7
[place] planetary-charter @ 7.38e+9 (window 5.84e+9–9.32e+9) → city 12 at 1.3 min; cycles 43.0 12.4 10.8 6.9 6.3 8.3 11.1 14.7 15.8 19.3 20.6 16.5 10.2 14.5 20.5 29.3 38.8 49.5 70.6 95.6 132.5
[place] quantum-exchange @ 2.87e+10 (window 1.94e+10–4.23e+10) → city 13 at 1.4 min; cycles 43.0 12.4 10.8 6.9 6.3 8.3 11.1 14.7 15.8 19.3 20.6 16.5 10.2 5.6 7.5 10.4 13.6 17.2 24.3 32.6 44.9 57.5 39.6 53.9 71.4 77.3
[place] megastructures @ 4.10e+11 (window 3.24e+11–5.19e+11) → city 15 at 1.7 min; cycles 43.0 12.4 10.8 6.9 6.3 8.3 11.1 14.7 15.8 19.3 20.6 16.5 10.2 5.6 7.5 10.2 13.3 16.8 23.7 31.8 43.9 56.1 38.7 52.7 69.7 72.6
[place] orbital-solar @ 4.59e+11 (window 4.22e+11–4.99e+11) → city 16 at 1.9 min; cycles 43.0 12.4 10.8 6.9 6.3 8.3 11.1 14.7 15.8 19.3 20.6 16.5 10.2 5.6 7.5 10.2 13.3 16.8 23.7 31.8 43.9 56.2 38.8 52.7 69.8 72.6
[place] arcology-gardens @ 1.04e+12 (window 7.25e+11–1.48e+12) → city 18 at 1.8 min; cycles 43.0 12.4 10.8 6.9 6.3 8.3 11.1 14.7 15.8 19.3 20.6 16.5 10.2 5.6 7.5 10.2 13.3 16.8 22.9 30.5 41.8 53.4 36.8 50.0 66.1 68.1 90.4
[place] algorithmic-trading @ 2.25e+12 (window 1.60e+12–3.16e+12) → city 20 at 2 min; cycles 43.0 12.4 10.8 6.9 6.3 8.3 11.1 14.7 15.8 19.3 20.6 16.5 10.2 5.6 7.5 10.2 13.3 16.8 22.9 30.5 26.4 33.4 23.2 31.3 41.2 43.5 57.7 63.6 89.3
[place] standing-orders @ 4.74e+12 (window 2.94e+12–7.65e+12) → city 21 at 2.1 min; cycles 43.0 12.4 10.8 6.9 6.3 8.3 11.1 14.7 15.8 19.3 20.6 16.5 10.2 5.6 7.5 10.2 13.3 16.8 22.9 30.5 26.4 33.4 23.1 31.3 41.2 43.5 57.6 63.6 89.3
[place] mass-driver-port @ 5.36e+13 (window 4.42e+13–6.52e+13) → city 23 at 2.3 min; cycles 43.0 12.4 10.8 6.9 6.3 8.3 11.1 14.7 15.8 19.3 20.6 16.5 10.2 5.6 7.5 10.2 13.3 16.8 22.9 30.5 26.4 33.4 23.1 27.9 36.5 38.8 51.3 56.6 79.4
[place] ringworld-district @ 6.11e+13 (window 5.45e+13–6.85e+13) → city 24 at 2.7 min; cycles 43.0 12.4 10.8 6.9 6.3 8.3 11.1 14.7 15.8 19.3 20.6 16.5 10.2 5.6 7.5 10.2 13.3 16.8 22.9 30.5 26.4 33.4 23.1 27.9 34.5 34.8 45.9 50.6 70.9
[place] stellar-engine @ 2.35e+14 (window 1.77e+14–3.12e+14) → city 26 at 2.7 min; cycles 43.0 12.4 10.8 6.9 6.3 8.3 11.1 14.7 15.8 19.3 20.6 16.5 10.2 5.6 7.5 10.2 13.3 16.8 22.9 30.5 26.4 33.4 23.1 27.9 34.5 34.8 46.0 50.7 71.0
[place] superconductor-grid @ 3.30e+14 (window 2.39e+14–4.55e+14) → city 27 at 2.8 min; cycles 43.0 12.4 10.8 6.9 6.3 8.3 11.1 14.7 15.8 19.3 20.6 16.5 10.2 5.6 7.5 10.2 13.3 16.8 22.9 30.5 26.4 33.4 23.1 27.9 34.5 34.8 46.0 50.7 71.0
[place] galactic-charter @ 4.22e+14 (window 3.50e+14–5.09e+14) → city 28 at 3 min; cycles 43.0 12.4 10.8 6.9 6.3 8.3 11.1 14.7 15.8 19.3 20.6 16.5 10.2 5.6 7.5 10.2 13.3 16.8 22.9 30.5 26.4 33.4 23.1 27.9 34.5 34.8 46.0 50.7 36.6 46.8 21.9 27.8
[place] orbital-shipyard @ 1.11e+15 (window 7.07e+14–1.73e+15) → city 29 at 3.1 min; cycles 43.0 12.4 10.8 6.9 6.3 8.3 11.1 14.7 15.8 19.3 20.6 16.5 10.2 5.6 7.5 10.2 13.3 16.8 22.9 30.5 26.4 33.4 23.1 27.9 34.5 34.8 46.0 50.7 36.6 46.9 21.9 27.8
[place] exchange-ring @ 2.50e+16 (window 1.94e+16–3.21e+16) → city 31 at 3.4 min; cycles 43.0 12.4 10.8 6.9 6.3 8.3 11.1 14.7 15.8 19.3 20.6 16.5 10.2 5.6 7.5 10.2 13.3 16.8 22.9 30.5 26.4 33.4 23.1 27.9 34.5 34.8 46.0 50.7 36.6 46.9 21.9 23.7
[place] result: city-archives=5.14e+7 championship-season=8.99e+7 robotic-assembly=3.05e+8 ai-governance=1.12e+9 dyson-swarm=2.33e+9 planetary-charter=7.38e+9 quantum-exchange=2.87e+10 megastructures=4.10e+11 orbital-solar=4.59e+11 arcology-gardens=1.04e+12 algorithmic-trading=2.25e+12 standing-orders=4.74e+12 mass-driver-port=5.36e+13 ringworld-district=6.11e+13 stellar-engine=2.35e+14 superconductor-grid=3.30e+14 galactic-charter=4.22e+14 orbital-shipyard=1.11e+15 exchange-ring=2.50e+16
[place] sets: --set upgrades.city-archives.cost=51400000 --set upgrades.championship-season.cost=89900000 --set upgrades.robotic-assembly.cost=305000000 --set upgrades.ai-governance.cost=1120000000 --set upgrades.dyson-swarm.cost=2330000000 --set upgrades.planetary-charter.cost=7380000000 --set upgrades.quantum-exchange.cost=28700000000 --set upgrades.megastructures.cost=410000000000 --set upgrades.orbital-solar.cost=459000000000 --set upgrades.arcology-gardens.cost=1040000000000 --set upgrades.algorithmic-trading.cost=2250000000000 --set upgrades.standing-orders.cost=4740000000000 --set upgrades.mass-driver-port.cost=53600000000000 --set upgrades.ringworld-district.cost=61100000000000 --set upgrades.stellar-engine.cost=235000000000000 --set upgrades.superconductor-grid.cost=330000000000000 --set upgrades.galactic-charter.cost=422000000000000 --set upgrades.orbital-shipyard.cost=1110000000000000 --set upgrades.exchange-ring.cost=25000000000000000
[place] final: foundings=32 maxRatio=1.359@15 fails=15:x1.359 18:x1.359 emptyLate=[] legacy=270745 money=2.71e+16
