[place] base: 16 foundings, cycles 40.9 12.2 10.7 6.8 5.9 7.9 11.0 15.5 18.9 27.2 39.1 39.4 58.1 84.8 122.3 175.5
[place] city-archives @ 5.51e+7 (window 5.31e+7–5.72e+7) → city 4 at 4.6 min; cycles 40.9 12.2 10.7 6.8 5.9 7.9 11.1 15.6 18.9 27.2 39.1 39.4 58.1 84.8 122.3 175.5
[place] arcology-gardens @ 8.14e+7 (window 6.48e+7–1.02e+8) → city 5 at 7.4 min; cycles 40.9 12.2 10.7 6.8 5.9 7.9 10.5 14.7 17.9 25.6 36.9 37.9 55.8 81.5 117.7 169.0
[place] championship-season @ 3.05e+8 (window 2.12e+8–4.39e+8) → city 7 at 13.1 min; cycles 40.9 12.2 10.7 6.8 5.9 7.9 10.5 14.5 16.8 23.1 33.2 35.1 51.6 75.2 108.5 155.6
[place] ai-governance @ 1.01e+9 (window 7.31e+8–1.39e+9) → city 9 at 16.9 min; cycles 40.9 12.2 10.7 6.8 5.9 7.9 10.5 14.5 16.8 20.0 22.8 17.8 26.0 37.8 54.4 77.9 103.8 132.8
[place] dyson-swarm @ 2.14e+9 (window 1.51e+9–3.03e+9) → city 10 at 18.5 min; cycles 40.9 12.2 10.7 6.8 5.9 7.9 10.5 14.5 16.8 20.0 22.8 17.8 26.0 37.8 54.4 77.9 103.8 132.8
[place] quantum-exchange @ 9.90e+9 (window 8.30e+9–1.18e+10) → city 12 at 24.1 min; cycles 40.9 12.2 10.7 6.8 5.9 7.9 10.5 14.5 16.8 20.0 22.8 17.8 24.8 12.7 17.9 25.4 33.7 43.1 61.4 83.0 114.9
[place] algorithmic-trading @ 2.77e+10 (window 1.57e+10–4.89e+10) → city 13 at 1.4 min; cycles 40.9 12.2 10.7 6.8 5.9 7.9 10.5 14.5 16.8 20.0 22.8 17.8 24.8 7.8 10.8 15.2 20.0 25.4 36.1 48.6 67.3 86.4 59.4 81.0
[place] planetary-charter @ 2.38e+11 (window 1.80e+11–3.13e+11) → city 15 at 1.6 min; cycles 40.9 12.2 10.7 6.8 5.9 7.9 10.5 14.5 16.8 20.0 22.8 17.8 24.8 7.8 10.8 6.9 8.7 10.9 15.1 20.1 27.5 35.3 24.5 33.1 43.6 46.2 61.2 67.5
[place] robotic-assembly @ 7.37e+11 (window 4.51e+11–1.20e+12) → city 16 at 1.8 min; cycles 40.9 12.2 10.7 6.8 5.9 7.9 10.5 14.5 16.8 20.0 22.8 17.8 24.8 7.8 10.8 6.9 8.3 10.3 14.3 19.0 25.9 33.2 23.1 31.2 41.0 43.5 57.6 63.6 89.1
[place] orbital-solar @ 2.58e+12 (window 1.93e+12–3.46e+12) → city 18 at 2 min; cycles 40.9 12.2 10.7 6.8 5.9 7.9 10.5 14.5 16.8 20.0 22.8 17.8 24.8 7.8 10.8 6.9 8.3 10.3 14.3 19.0 26.0 33.2 23.1 31.2 41.1 43.6 57.6 63.6 89.2
[place] megastructures @ 4.28e+12 (window 2.98e+12–6.15e+12) → city 20 at 2.1 min; cycles 40.9 12.2 10.7 6.8 5.9 7.9 10.5 14.5 16.8 20.0 22.8 17.8 24.8 7.8 10.8 6.9 8.3 10.3 14.3 19.0 24.9 31.8 22.1 29.9 39.3 41.5 54.9 60.6 85.0
[place] standing-orders @ 5.87e+12 (window 4.43e+12–7.78e+12) → city 21 at 2.3 min; cycles 40.9 12.2 10.7 6.8 5.9 7.9 10.5 14.5 16.8 20.0 22.8 17.8 24.8 7.8 10.8 6.9 8.3 10.3 14.3 19.0 24.9 31.9 22.1 29.9 39.3 41.5 54.9 60.6 84.9
[place] mass-driver-port @ 5.74e+13 (window 4.73e+13–6.98e+13) → city 23 at 2.4 min; cycles 40.9 12.2 10.7 6.8 5.9 7.9 10.5 14.5 16.8 20.0 22.8 17.8 24.8 7.8 10.8 6.9 8.3 10.3 14.3 19.0 24.9 31.9 22.1 26.6 34.9 37.0 48.9 53.9 75.6
[place] ringworld-district @ 6.68e+13 (window 5.89e+13–7.58e+13) → city 24 at 2.8 min; cycles 40.9 12.2 10.7 6.8 5.9 7.9 10.5 14.5 16.8 20.0 22.8 17.8 24.8 7.8 10.8 6.9 8.3 10.3 14.3 19.0 24.9 31.9 22.1 26.6 32.9 33.0 43.5 47.9 67.1 86.9
[place] stellar-engine @ 1.15e+14 (window 6.83e+13–1.93e+14) → city 25 at 2.6 min; cycles 40.9 12.2 10.7 6.8 5.9 7.9 10.5 14.5 16.8 20.0 22.8 17.8 24.8 7.8 10.8 6.9 8.3 10.3 14.3 19.0 24.9 31.9 22.1 26.6 32.9 33.0 43.5 48.0 67.1 86.9
[place] galactic-charter @ 1.63e+14 (window 1.18e+14–2.24e+14) → city 26 at 2.8 min; cycles 40.9 12.2 10.7 6.8 5.9 7.9 10.5 14.5 16.8 20.0 22.8 17.8 24.8 7.8 10.8 6.9 8.3 10.3 14.3 19.0 24.9 31.9 22.1 26.6 32.9 33.0 22.9 24.9 34.3 44.1 20.8 26.4 36.8
[place] orbital-shipyard @ 5.49e+14 (window 2.31e+14–1.31e+15) → city 27 at 2.7 min; cycles 40.9 12.2 10.7 6.8 5.9 7.9 10.5 14.5 16.8 20.0 22.8 17.8 24.8 7.8 10.8 6.9 8.3 10.3 14.3 19.0 24.9 31.9 22.1 26.6 32.9 33.0 22.9 24.9 34.3 44.1 20.8 26.4 36.8
[place] superconductor-grid @ 2.27e+15 (window 1.71e+15–3.03e+15) → city 29 at 3.1 min; cycles 40.9 12.2 10.7 6.8 5.9 7.9 10.5 14.5 16.8 20.0 22.8 17.8 24.8 7.8 10.8 6.9 8.3 10.3 14.3 19.0 24.9 31.9 22.1 26.6 32.9 33.0 22.9 24.9 34.3 44.2 20.8 26.5 36.9
[place] exchange-ring @ 2.75e+16 (window 2.15e+16–3.50e+16) → city 31 at 3.5 min; cycles 40.9 12.2 10.7 6.8 5.9 7.9 10.5 14.5 16.8 20.0 22.8 17.8 24.8 7.8 10.8 6.9 8.3 10.3 14.3 19.0 24.9 31.9 22.1 26.6 32.9 33.0 22.9 24.9 34.3 44.2 20.8 22.5 30.9 43.4
[place] result: city-archives=5.51e+7 arcology-gardens=8.14e+7 championship-season=3.05e+8 ai-governance=1.01e+9 dyson-swarm=2.14e+9 quantum-exchange=9.90e+9 algorithmic-trading=2.77e+10 planetary-charter=2.38e+11 robotic-assembly=7.37e+11 orbital-solar=2.58e+12 megastructures=4.28e+12 standing-orders=5.87e+12 mass-driver-port=5.74e+13 ringworld-district=6.68e+13 stellar-engine=1.15e+14 galactic-charter=1.63e+14 orbital-shipyard=5.49e+14 superconductor-grid=2.27e+15 exchange-ring=2.75e+16
[place] sets: --set upgrades.city-archives.cost=55100000 --set upgrades.arcology-gardens.cost=81400000 --set upgrades.championship-season.cost=305000000 --set upgrades.ai-governance.cost=1010000000 --set upgrades.dyson-swarm.cost=2140000000 --set upgrades.quantum-exchange.cost=9900000000 --set upgrades.algorithmic-trading.cost=27700000000 --set upgrades.planetary-charter.cost=238000000000 --set upgrades.robotic-assembly.cost=737000000000 --set upgrades.orbital-solar.cost=2580000000000 --set upgrades.megastructures.cost=4280000000000 --set upgrades.standing-orders.cost=5870000000000 --set upgrades.mass-driver-port.cost=57400000000000 --set upgrades.ringworld-district.cost=66800000000000 --set upgrades.stellar-engine.cost=115000000000000 --set upgrades.galactic-charter.cost=163000000000000 --set upgrades.orbital-shipyard.cost=549000000000000 --set upgrades.superconductor-grid.cost=2270000000000000 --set upgrades.exchange-ring.cost=27500000000000000
[place] final: foundings=34 maxRatio=1.404@33 fails=7:x1.381 12:x1.394 14:x1.383 18:x1.395 28:x1.377 32:x1.377 33:x1.404 emptyLate=[32,33] legacy=530723 money=1.03e+17
