[place] base: 33 foundings, cycles 40.9 12.2 10.7 6.8 5.9 7.8 10.1 13.4 15.0 16.3 20.0 15.6 9.8 5.4 7.3 9.8 12.7 16.1 21.6 28.8 25.2 32.1 22.2 26.7 33.0 33.0 43.7 25.3 34.6 44.4 20.9 26.6 31.2
[place] city-archives @ 5.51e+7 (window 5.29e+7–5.74e+7) → city 4 at 4.6 min; cycles 40.9 12.2 10.7 6.8 5.9 7.8 10.1 13.4 15.0 17.4 19.9 15.6 9.8 5.4 7.3 9.8 12.7 16.1 21.5 28.8 25.1 32.1 22.2 26.7 33.0 33.0 43.7 25.3 34.6 44.4 20.8 26.6 31.2
[place] championship-season @ 7.90e+7 (window 6.48e+7–9.62e+7) → city 5 at 7.1 min; cycles 40.9 12.2 10.7 6.8 5.9 7.8 10.1 13.4 15.0 17.4 20.2 15.6 9.8 5.4 7.3 9.8 12.7 16.1 21.6 28.8 25.2 32.1 22.2 26.7 33.0 33.0 43.7 25.3 34.6 44.4 20.9 26.6 31.2
[place] arcology-gardens @ 2.95e+8 (window 2.21e+8–3.93e+8) → city 7 at 9.4 min; cycles 40.9 12.2 10.7 6.8 5.9 7.8 10.1 13.1 14.7 17.0 19.2 15.2 9.5 5.3 7.1 9.5 12.3 15.4 21.5 18.4 25.0 32.0 22.2 26.7 33.0 33.0 43.7 25.3 34.6 44.4 20.9 26.6 31.2 43.7
[place] ai-governance @ 1.14e+9 (window 7.58e+8–1.72e+9) → city 9 at 14.2 min; cycles 40.9 12.2 10.7 6.8 5.9 7.8 10.1 13.1 14.7 17.0 19.4 15.2 9.5 5.3 7.1 9.5 12.3 15.4 21.5 18.4 25.0 32.0 22.2 26.7 33.0 33.0 43.7 25.3 34.6 44.4 20.9 26.6 31.2 43.7
[place] dyson-swarm @ 2.37e+9 (window 1.69e+9–3.34e+9) → city 10 at 17 min; cycles 40.9 12.2 10.7 6.8 5.9 7.8 10.1 13.1 14.7 17.0 19.4 15.1 9.5 5.3 7.1 9.4 12.3 15.3 21.4 18.4 25.0 31.9 22.1 26.7 32.9 33.0 43.6 25.2 34.6 44.3 20.8 26.6 31.1 43.6
[place] quantum-exchange: no mid window in city 12 (before 1.48e+10, city plateau 1.42e+10) — falling back to the whole city reach
[place] quantum-exchange: unplaceable in city 12
[place] algorithmic-trading @ 5.00e+10 (window 1.48e+10–1.69e+11) → city 13 at 1.5 min; cycles 40.9 12.2 10.7 6.8 5.9 7.8 10.1 13.1 14.7 17.0 19.4 15.1 9.5 3.8 4.7 6.3 8.0 9.9 13.8 18.2 25.0 31.9 22.2 26.8 33.1 33.1 43.8 25.4 34.8 44.5 20.9 26.7 31.3 43.8
[place] planetary-charter @ 4.89e+11 (window 4.37e+11–5.48e+11) → city 18 at 1.7 min; cycles 40.9 12.2 10.7 6.8 5.9 7.8 10.1 13.1 14.7 17.0 19.4 15.1 22.2 32.1 10.4 14.4 18.4 23.1 13.9 18.3 25.0 31.8 22.1 26.6 32.9 32.9 43.5 25.2 34.5 44.3 20.8 26.6
[place] planetary-charter @ 4.62e+11 (window 4.37e+11–4.89e+11) → city 17 at 2 min; cycles 40.9 12.2 10.7 6.8 5.9 7.8 10.1 13.1 14.7 17.0 19.4 15.1 22.2 32.1 10.4 14.4 18.4 10.3 13.9 18.3 25.0 31.8 22.1 26.6 32.9 33.0 43.6 25.2 34.6 44.3 20.8 26.6 31.1
[place] planetary-charter @ 4.49e+11 (window 4.37e+11–4.62e+11) → city 17 at 2 min; cycles 40.9 12.2 10.7 6.8 5.9 7.8 10.1 13.1 14.7 17.0 19.4 15.1 22.2 32.1 10.4 14.4 18.4 10.3 13.9 18.3 25.0 31.8 22.1 26.6 32.9 33.0 43.6 25.2 34.6 44.3 20.8 26.6 31.1
[place] planetary-charter @ 4.43e+11 (window 4.37e+11–4.49e+11) → city 17 at 2 min; cycles 40.9 12.2 10.7 6.8 5.9 7.8 10.1 13.1 14.7 17.0 19.4 15.1 22.2 32.1 10.4 14.4 18.4 10.3 13.9 18.3 25.0 31.8 22.1 26.6 32.9 33.0 43.6 25.2 34.6 44.3 20.8 26.6 31.1
[place] robotic-assembly @ 3.07e+11 (window 2.12e+11–4.43e+11) → city 16 at 1.7 min; cycles 40.9 12.2 10.7 6.8 5.9 7.8 10.1 13.7 16.6 21.1 23.0 17.8 26.0 37.8 40.6 15.3 19.0 23.2 14.0 18.4 25.0 31.9 22.1 26.6 32.9 33.0 43.6 25.2 34.5 44.3
[place] orbital-solar @ 5.73e+11 (window 4.51e+11–7.28e+11) → city 18 at 2 min; cycles 40.9 12.2 10.7 6.8 5.9 7.8 10.1 13.7 16.6 21.1 23.0 17.8 26.0 37.8 40.6 15.3 19.0 23.2 14.0 18.4 25.0 31.9 22.1 26.6 32.9 33.0 43.6 25.2 34.5 44.3
[place] megastructures @ 4.33e+12 (window 3.04e+12–6.16e+12) → city 20 at 2 min; cycles 40.9 12.2 10.7 6.8 5.9 7.8 10.1 13.7 16.6 21.1 23.0 17.8 26.0 37.8 40.6 15.3 19.0 10.6 14.5 19.1 25.0 31.9 22.1 26.6 32.9 33.0 43.6 25.2 34.6 44.3 20.8
[place] standing-orders @ 5.54e+12 (window 4.47e+12–6.87e+12) → city 21 at 2.2 min; cycles 40.9 12.2 10.7 6.8 5.9 7.8 10.1 13.7 16.6 21.1 23.0 17.8 26.0 37.8 40.6 15.3 19.0 10.6 14.5 19.1 25.0 31.9 22.1 26.6 32.9 33.0 43.6 25.2 34.6 44.3 20.8
[place] mass-driver-port @ 5.21e+13 (window 4.78e+13–5.67e+13) → city 23 at 2.3 min; cycles 40.9 12.2 10.7 6.8 5.9 7.8 10.1 13.7 16.6 21.1 23.0 17.8 26.0 37.8 40.6 15.3 19.0 10.6 14.5 19.1 25.0 31.9 22.1 26.6 32.9 33.0 43.6 25.2 34.6 44.3 20.8
[place] ringworld-district @ 5.99e+13 (window 5.33e+13–6.73e+13) → city 24 at 2.6 min; cycles 40.9 12.2 10.7 6.8 5.9 7.8 10.1 13.7 16.6 21.1 23.0 17.8 26.0 37.8 40.6 15.3 19.0 10.6 14.5 19.1 25.0 31.9 22.1 26.6 32.9 33.0 43.6 25.2 34.6 44.3 20.8
[place] stellar-engine @ 1.13e+14 (window 6.11e+13–2.09e+14) → city 25 at 2.5 min; cycles 40.9 12.2 10.7 6.8 5.9 7.8 10.1 13.7 16.6 21.1 23.0 17.8 26.0 37.8 40.6 15.3 19.0 10.6 14.5 19.1 25.0 31.9 22.1 26.6 32.9 33.0 43.5 25.0 34.5 44.2 20.8
[place] galactic-charter @ 1.70e+14 (window 1.20e+14–2.42e+14) → city 26 at 2.8 min; cycles 40.9 12.2 10.7 6.8 5.9 7.8 10.1 13.7 16.6 21.1 23.0 17.8 26.0 37.8 40.6 15.3 19.0 10.6 14.5 19.1 25.0 31.9 22.1 26.6 32.9 33.0 22.9 24.9 34.4 44.2 20.8 26.6
[place] orbital-shipyard @ 5.95e+14 (window 2.66e+14–1.33e+15) → city 27 at 2.8 min; cycles 40.9 12.2 10.7 6.8 5.9 7.8 10.1 13.7 16.6 21.1 23.0 17.8 26.0 37.8 40.6 15.3 19.0 10.6 14.5 19.1 25.0 31.9 22.1 26.6 32.9 33.0 22.9 24.9 34.4 44.2 20.8 22.4
[place] superconductor-grid @ 1.63e+15 (window 1.61e+15–1.64e+15) → city 28 at 3.4 min; cycles 40.9 12.2 10.7 6.8 5.9 7.8 10.1 13.7 16.6 21.1 23.0 17.8 26.0 37.8 40.6 15.3 19.0 10.6 14.5 19.1 25.0 31.9 22.1 26.6 32.9 33.0 22.9 24.9 34.4 44.2 20.8 22.4
[place] superconductor-grid @ 1.64e+15 (window 1.63e+15–1.64e+15) → city 28 at 3.5 min; cycles 40.9 12.2 10.7 6.8 5.9 7.8 10.1 13.7 16.6 21.1 23.0 17.8 26.0 37.8 40.6 15.3 19.0 10.6 14.5 19.1 25.0 31.9 22.1 26.6 32.9 33.0 22.9 24.9 34.4 44.2 20.8 22.4
[place] superconductor-grid @ 1.64e+15 (window 1.64e+15–1.64e+15) → city 28 at 3.5 min; cycles 40.9 12.2 10.7 6.8 5.9 7.8 10.1 13.7 16.6 21.1 23.0 17.8 26.0 37.8 40.6 15.3 19.0 10.6 14.5 19.1 25.0 31.9 22.1 26.6 32.9 33.0 22.9 24.9 34.4 44.2 20.8 22.4
[place] superconductor-grid @ 1.64e+15 (window 1.64e+15–1.64e+15) → city 28 at 3.5 min; cycles 40.9 12.2 10.7 6.8 5.9 7.8 10.1 13.7 16.6 21.1 23.0 17.8 26.0 37.8 40.6 15.3 19.0 10.6 14.5 19.1 25.0 31.9 22.1 26.6 32.9 33.0 22.9 24.9 34.4 44.2 20.8 22.4
[place] exchange-ring @ 2.37e+16 (window 2.21e+16–2.54e+16) → city 31 at 3.2 min; cycles 40.9 12.2 10.7 6.8 5.9 7.8 10.1 13.7 16.6 21.1 23.0 17.8 26.0 37.8 40.6 15.3 19.0 10.6 14.5 19.1 25.0 31.9 22.1 26.6 32.9 33.0 22.9 24.9 34.4 44.2 20.8 22.4
[place] result: city-archives=5.51e+7 championship-season=7.90e+7 arcology-gardens=2.95e+8 ai-governance=1.14e+9 dyson-swarm=2.37e+9 algorithmic-trading=5.00e+10 planetary-charter=4.43e+11 robotic-assembly=3.07e+11 orbital-solar=5.73e+11 megastructures=4.33e+12 standing-orders=5.54e+12 mass-driver-port=5.21e+13 ringworld-district=5.99e+13 stellar-engine=1.13e+14 galactic-charter=1.70e+14 orbital-shipyard=5.95e+14 superconductor-grid=1.64e+15 exchange-ring=2.37e+16
[place] sets: --set upgrades.city-archives.cost=55100000 --set upgrades.championship-season.cost=79000000 --set upgrades.arcology-gardens.cost=295000000 --set upgrades.ai-governance.cost=1140000000 --set upgrades.dyson-swarm.cost=2370000000 --set upgrades.algorithmic-trading.cost=50000000000 --set upgrades.planetary-charter.cost=443000000000 --set upgrades.robotic-assembly.cost=307000000000 --set upgrades.orbital-solar.cost=573000000000 --set upgrades.megastructures.cost=4330000000000 --set upgrades.standing-orders.cost=5540000000000 --set upgrades.mass-driver-port.cost=52100000000000 --set upgrades.ringworld-district.cost=59900000000000 --set upgrades.stellar-engine.cost=113000000000000 --set upgrades.galactic-charter.cost=170000000000000 --set upgrades.orbital-shipyard.cost=595000000000000 --set upgrades.superconductor-grid.cost=1640000000000000 --set upgrades.exchange-ring.cost=23700000000000000
[place] final: foundings=32 maxRatio=1.465@12 fails=7:x1.352 12:x1.465 13:x1.452 18:x1.369 28:x1.381 emptyLate=[12,13,15,18,29] legacy=270870 money=3.51e+16
