[place] base: 16 foundings, cycles 42.0 12.5 10.9 6.8 6.3 8.3 11.5 16.3 20.2 28.9 41.5 41.3 60.9 89.0 128.5 184.4
[place] city-archives @ 5.18e+7 (window 4.95e+7–5.42e+7) → city 4 at 4.7 min; cycles 42.0 12.5 10.9 6.8 6.3 8.3 11.5 16.3 20.2 28.9 41.6 41.3 60.9 89.1 128.5 184.4
[place] championship-season @ 9.04e+7 (window 6.08e+7–1.34e+8) → city 5 at 7.3 min; cycles 42.0 12.5 10.9 6.8 6.3 8.2 10.9 14.8 18.2 25.9 37.1 38.2 56.2 82.0 118.2 169.5
[place] robotic-assembly @ 3.05e+8 (window 2.10e+8–4.43e+8) → city 7 at 12.7 min; cycles 42.0 12.5 10.9 6.8 6.3 8.2 10.9 14.5 16.0 21.9 29.6 32.6 47.9 69.9 100.8 144.7
[place] ai-governance @ 1.12e+9 (window 8.34e+8–1.51e+9) → city 9 at 16.2 min; cycles 42.0 12.5 10.9 6.8 6.3 8.2 10.9 14.5 16.0 19.0 20.9 16.5 24.2 35.1 50.6 72.5 96.7 123.2
[place] dyson-swarm @ 2.23e+9 (window 1.54e+9–3.22e+9) → city 10 at 18.4 min; cycles 42.0 12.5 10.9 6.8 6.3 8.2 10.9 14.5 16.0 19.0 20.9 16.6 24.2 35.1 50.6 72.5 96.7 123.2
[place] planetary-charter @ 7.36e+9 (window 6.06e+9–8.95e+9) → city 12 at 1.3 min; cycles 42.0 12.5 10.9 6.8 6.3 8.2 10.9 14.5 16.0 19.0 20.9 16.6 10.3 14.5 20.6 29.4 39.0 49.7 71.0 95.9 133.0
[place] quantum-exchange @ 2.88e+10 (window 1.91e+10–4.34e+10) → city 13 at 1.4 min; cycles 42.0 12.5 10.9 6.8 6.3 8.2 10.9 14.5 16.0 19.0 20.9 16.6 10.3 5.6 7.6 10.4 13.6 17.1 24.2 32.5 44.8 57.3 39.5 53.7 71.1 76.9
[place] megastructures @ 4.21e+11 (window 3.23e+11–5.50e+11) → city 15 at 1.7 min; cycles 42.0 12.5 10.9 6.8 6.3 8.2 10.9 14.5 16.0 19.0 20.9 16.6 10.3 5.6 7.6 10.2 13.3 16.8 23.6 31.7 43.7 55.9 38.6 52.5 69.4 72.0
[place] orbital-solar @ 4.75e+11 (window 4.38e+11–5.14e+11) → city 16 at 1.9 min; cycles 42.0 12.5 10.9 6.8 6.3 8.2 10.9 14.5 16.0 19.0 20.9 16.6 10.3 5.6 7.6 10.2 13.3 16.8 23.7 31.7 43.7 55.9 38.6 52.5 69.4 72.1
[place] arcology-gardens @ 1.05e+12 (window 7.47e+11–1.49e+12) → city 18 at 1.9 min; cycles 42.0 12.5 10.9 6.8 6.3 8.2 10.9 14.5 16.0 19.0 20.9 16.6 10.3 5.6 7.6 10.2 13.3 16.8 22.6 30.1 41.4 53.0 36.6 49.7 65.7 67.4 89.5
[place] algorithmic-trading @ 2.30e+12 (window 1.63e+12–3.24e+12) → city 20 at 2 min; cycles 42.0 12.5 10.9 6.8 6.3 8.2 10.9 14.5 16.0 19.0 20.9 16.6 10.3 5.6 7.6 10.2 13.3 16.8 22.6 30.1 26.1 33.1 22.9 31.0 40.7 43.0 56.9 62.8 88.2
[place] standing-orders @ 4.84e+12 (window 2.94e+12–7.97e+12) → city 21 at 2.1 min; cycles 42.0 12.5 10.9 6.8 6.3 8.2 10.9 14.5 16.0 19.0 20.9 16.6 10.3 5.6 7.6 10.2 13.3 16.8 22.6 30.1 26.1 33.1 22.9 30.9 40.7 42.9 56.9 62.8 88.1
[place] mass-driver-port @ 5.55e+13 (window 4.57e+13–6.74e+13) → city 23 at 2.4 min; cycles 42.0 12.5 10.9 6.8 6.3 8.2 10.9 14.5 16.0 19.0 20.9 16.6 10.3 5.6 7.6 10.2 13.3 16.8 22.6 30.1 26.1 33.1 22.9 27.8 36.5 38.6 51.1 56.4 79.2
[place] ringworld-district @ 6.32e+13 (window 5.63e+13–7.08e+13) → city 24 at 2.8 min; cycles 42.0 12.5 10.9 6.8 6.3 8.2 10.9 14.5 16.0 19.0 20.9 16.6 10.3 5.6 7.6 10.2 13.3 16.8 22.6 30.1 26.1 33.1 22.9 27.8 34.4 34.5 45.5 50.2 70.3
[place] stellar-engine @ 2.43e+14 (window 1.84e+14–3.21e+14) → city 26 at 2.7 min; cycles 42.0 12.5 10.9 6.8 6.3 8.2 10.9 14.5 16.0 19.0 20.9 16.6 10.3 5.6 7.6 10.2 13.3 16.8 22.6 30.1 26.1 33.1 22.9 27.8 34.4 34.5 45.6 50.3 70.3
[place] superconductor-grid @ 3.44e+14 (window 2.52e+14–4.71e+14) → city 27 at 2.8 min; cycles 42.0 12.5 10.9 6.8 6.3 8.2 10.9 14.5 16.0 19.0 20.9 16.6 10.3 5.6 7.6 10.2 13.3 16.8 22.6 30.1 26.1 33.1 22.9 27.8 34.4 34.5 45.6 50.3 70.4
[place] galactic-charter @ 4.31e+14 (window 3.50e+14–5.29e+14) → city 28 at 3.1 min; cycles 42.0 12.5 10.9 6.8 6.3 8.2 10.9 14.5 16.0 19.0 20.9 16.6 10.3 5.6 7.6 10.2 13.3 16.8 22.6 30.1 26.1 33.1 22.9 27.8 34.4 34.5 45.6 50.3 36.3 46.4 21.7 27.6
[place] orbital-shipyard @ 1.12e+15 (window 7.16e+14–1.77e+15) → city 29 at 3.1 min; cycles 42.0 12.5 10.9 6.8 6.3 8.2 10.9 14.5 16.0 19.0 20.9 16.6 10.3 5.6 7.6 10.2 13.3 16.8 22.6 30.1 26.1 33.1 22.9 27.8 34.4 34.5 45.6 50.3 36.3 46.5 21.8 27.6
[place] exchange-ring @ 2.59e+16 (window 2.01e+16–3.34e+16) → city 31 at 3.4 min; cycles 42.0 12.5 10.9 6.8 6.3 8.2 10.9 14.5 16.0 19.0 20.9 16.6 10.3 5.6 7.6 10.2 13.3 16.8 22.6 30.1 26.1 33.1 22.9 27.8 34.4 34.5 45.6 50.3 36.3 46.5 21.8 23.4
[place] result: city-archives=5.18e+7 championship-season=9.04e+7 robotic-assembly=3.05e+8 ai-governance=1.12e+9 dyson-swarm=2.23e+9 planetary-charter=7.36e+9 quantum-exchange=2.88e+10 megastructures=4.21e+11 orbital-solar=4.75e+11 arcology-gardens=1.05e+12 algorithmic-trading=2.30e+12 standing-orders=4.84e+12 mass-driver-port=5.55e+13 ringworld-district=6.32e+13 stellar-engine=2.43e+14 superconductor-grid=3.44e+14 galactic-charter=4.31e+14 orbital-shipyard=1.12e+15 exchange-ring=2.59e+16
[place] sets: --set upgrades.city-archives.cost=51800000 --set upgrades.championship-season.cost=90400000 --set upgrades.robotic-assembly.cost=305000000 --set upgrades.ai-governance.cost=1120000000 --set upgrades.dyson-swarm.cost=2230000000 --set upgrades.planetary-charter.cost=7360000000 --set upgrades.quantum-exchange.cost=28800000000 --set upgrades.megastructures.cost=421000000000 --set upgrades.orbital-solar.cost=475000000000 --set upgrades.arcology-gardens.cost=1050000000000 --set upgrades.algorithmic-trading.cost=2300000000000 --set upgrades.standing-orders.cost=4840000000000 --set upgrades.mass-driver-port.cost=55500000000000 --set upgrades.ringworld-district.cost=63200000000000 --set upgrades.stellar-engine.cost=243000000000000 --set upgrades.superconductor-grid.cost=344000000000000 --set upgrades.galactic-charter.cost=431000000000000 --set upgrades.orbital-shipyard.cost=1120000000000000 --set upgrades.exchange-ring.cost=25900000000000000
[place] final: foundings=32 maxRatio=1.352@14 fails=14:x1.352 emptyLate=[] legacy=271526 money=2.84e+16
