[probe] default (shipped config)
[probe] foundings=32 first=43.4 min last=23.37 legacy=270626 money=2.82e+16 errors=0 OK
[probe] cycles: 43.4 12.2 11.0 6.9 6.3 8.2 11.0 14.5 16.0 19.6 21.1 16.6 10.3 5.6 7.5 10.1 13.3 16.7 22.5 30.0 26.0 33.0 22.8 27.7 34.3 34.4 45.4 50.1 36.2 46.3 21.7 23.4
[probe] max ratio x1.347 at cycle 18 (16.73 -> 22.53); over 1.35: none; over 1.30: 5:x1.308 6:x1.338 7:x1.319 14:x1.345 15:x1.345 16:x1.31 18:x1.347 19:x1.333 26:x1.322
[probe] emptyLate=[] reach=53% noReach=6% under=3.5% byHour=[35.1 5.2 0.6 0.7 0.2 0.2 0.2 0 0 0 0 0] floor=0.60 dips=22/32 midDips=4/32
[probe] rungs: legacy-archive@1(0) founders-blueprints@1(5.4) veteran-planners@1(7) dynasty-ledger@1(8.3) breeder-reactors@2(9.6) institutional-memory@3(4.9) city-archives@4(4.7) championship-season@5(7.5) robotic-assembly@7(12.4) ai-governance@9(17.2) dyson-swarm@10(17.3) planetary-charter@12(1.3) quantum-exchange@13(1.4) megastructures@15(1.7) orbital-solar@16(1.9) arcology-gardens@18(1.9) algorithmic-trading@20(2) standing-orders@21(2.1) mass-driver-port@23(2.4) ringworld-district@24(2.8) stellar-engine@26(2.7) superconductor-grid@27(2.8) galactic-charter@28(3.1) orbital-shipyard@29(3.2) exchange-ring@31(3.4)
  city  0   43.4 min  legacy      5  earned 2.99e+8  income 1.21e+6  spree 2.78e+2@3.5  plateau 4.78e+6@42.1  52
  city  1   12.2 min  legacy     10  earned 9.39e+8  income 9.31e+6  spree 1.80e+3@0  plateau 1.87e+7@12.2  5
  city  2   11.0 min  legacy     15  earned 1.61e+9  income 1.13e+7  spree 5.97e+3@4  plateau 2.28e+7@10.6  1
  city  3    6.9 min  legacy     21  earned 2.82e+9  income 2.22e+7  spree 7.29e+5@4  plateau 4.47e+7@6.6  charter-mint+institutional-memory
  city  4    6.3 min  legacy     30  earned 6.08e+9  income 2.59e+7  spree 4.97e+7@4  plateau 5.38e+7@6.2  city-archives
  city  5    8.2 min  legacy     42  earned 1.16e+10  income 3.66e+7  spree 6.07e+7@3.9  plateau 1.04e+8@8  championship-season
  city  6   11.0 min  legacy     59  earned 2.35e+10  income 5.00e+7  spree 7.90e+7@4  plateau 2.09e+8@10.2  charter-grid
  city  7   14.5 min  legacy     83  earned 4.75e+10  income 8.24e+7  spree 1.14e+8@4  plateau 3.61e+8@14.1  robotic-assembly
  city  8   16.0 min  legacy    117  earned 9.61e+10  income 1.34e+8  spree 1.82e+8@3.6  plateau 8.26e+8@15.9  charter-guild
  city  9   19.6 min  legacy    164  earned 1.90e+11  income 3.60e+8  spree 2.35e+8@3.2  plateau 1.67e+9@19.5  ai-governance
  city 10   21.1 min  legacy    230  earned 3.80e+11  income 4.91e+8  spree 4.03e+8@4  plateau 3.13e+9@20.2  dyson-swarm
  city 11   16.6 min  legacy    322  earned 7.56e+11  income 8.68e+8  spree 4.27e+9@1.3  plateau 5.95e+9@16.5  charter-merchant
  city 12   10.3 min  legacy    451  earned 1.51e+12  income 3.06e+9  spree 1.70e+10@1.6  plateau 1.30e+10@9.9  planetary-charter
  city 13    5.6 min  legacy    632  earned 3.02e+12  income 1.23e+10  spree 1.37e+11@1.8  plateau 2.58e+10@5.4  quantum-exchange
  city 14    7.5 min  legacy    885  earned 6.01e+12  income 1.66e+10  spree 3.21e+11@1.9  plateau 6.92e+10@7.5  charter-settlers
  city 15   10.1 min  legacy   1239  earned 1.19e+13  income 2.57e+10  spree 4.37e+11@1.7  plateau 1.06e+11@9.8  megastructures
  city 16   13.3 min  legacy   1735  earned 2.38e+13  income 3.59e+10  spree 4.94e+11@1.9  plateau 1.70e+11@12.8  orbital-solar
  city 17   16.7 min  legacy   2430  earned 4.75e+13  income 5.51e+10  spree 7.23e+11@2.1  plateau 3.62e+11@16.5  charter-masons
  city 18   22.5 min  legacy   3402  earned 9.47e+13  income 7.96e+10  spree 1.11e+12@1.9  plateau 7.07e+11@22  arcology-gardens
  city 19   30.0 min  legacy   4763  earned 1.89e+14  income 1.26e+11  spree 1.62e+12@2.2  plateau 1.41e+12@29.8  charter-civic
  city 20   26.0 min  legacy   6671  earned 3.76e+14  income 2.84e+11  spree 2.41e+12@2  plateau 3.00e+12@24.9  algorithmic-trading
  city 21   33.0 min  legacy   9342  earned 7.50e+14  income 4.29e+11  spree 4.93e+12@2.1  plateau 5.55e+12@31.6  standing-orders
  city 22   22.8 min  legacy  13082  earned 1.50e+15  income 1.37e+12  spree 4.55e+13@2.7  plateau 1.18e+13@22.4  charter-treasury
  city 23   27.7 min  legacy  18315  earned 2.98e+15  income 2.11e+12  spree 5.68e+13@2.4  plateau 2.27e+13@27.1  mass-driver-port
  city 24   34.3 min  legacy  25641  earned 5.94e+15  income 3.27e+12  spree 6.46e+13@2.8  plateau 4.26e+13@33  ringworld-district
  city 25   34.4 min  legacy  35901  earned 1.18e+16  income 7.51e+12  spree 1.82e+14@3.1  plateau 9.10e+13@34.1  charter-skyline
  city 26   45.4 min  legacy  50272  earned 2.36e+16  income 1.03e+13  spree 2.51e+14@2.7  plateau 1.68e+14@44.2  stellar-engine
  city 27   50.1 min  legacy  70384  earned 4.70e+16  income 1.77e+13  spree 3.46e+14@2.8  plateau 3.32e+14@49.7  superconductor-grid
  city 28   36.2 min  legacy  98559  earned 9.37e+16  income 4.94e+13  spree 4.52e+14@3.5  plateau 7.06e+14@35.8  charter-energy+galactic-charter
  city 29   46.3 min  legacy 137997  earned 1.87e+17  income 8.46e+13  spree 1.19e+15@3.2  plateau 1.37e+15@46.2  orbital-shipyard
  city 30   21.7 min  legacy 193243  earned 3.73e+17  income 3.53e+14  spree 2.00e+16@3.9  plateau 1.93e+16@4  charter-imperial
  city 31   23.4 min  legacy 270626  earned 7.43e+17  income 6.33e+14  spree 2.61e+16@3.4  plateau 9.69e+15@4  exchange-ring
[probe] items: 0:52 1:5 2:1 3:charter-mint+institutional-memory 4:city-archives 5:championship-season 6:charter-grid 7:robotic-assembly 8:charter-guild 9:ai-governance 10:dyson-swarm 11:charter-merchant 12:planetary-charter 13:quantum-exchange 14:charter-settlers 15:megastructures 16:orbital-solar 17:charter-masons 18:arcology-gardens 19:charter-civic 20:algorithmic-trading 21:standing-orders 22:charter-treasury 23:mass-driver-port 24:ringworld-district 25:charter-skyline 26:stellar-engine 27:superconductor-grid 28:charter-energy+galactic-charter 29:orbital-shipyard 30:charter-imperial 31:exchange-ring
